python : services.nlp_service - INFO - spaCy model 'en_core_web_sm' loaded successfully.
At line:1 char:1
+ python test_comprehensive_pipeline.py 2>&1 > test_output.txt ; tail - ...
+ ~~~~~~~~~~~~~~~~~~~~~~~~~~~~~~~~~~~~~~~~~~~~~~~~~~~~~~~~~~~~
    + CategoryInfo          : NotSpecified: (services.nlp_se...d successfully.:String) [], Rem 
   oteException
    + FullyQualifiedErrorId : NativeCommandError
 
services.nlp_service - INFO - Rule-based extraction: {'categories': ['water', 'food', 
'medical'], 'urgency': 'high', 'people_affected': 18, 'location': None}
services.llm_service - INFO - Groq LLM client initialized (model: llama-3.1-8b-instant)
httpx - INFO - HTTP Request: POST https://api.groq.com/openai/v1/chat/completions "HTTP/1.1 
200 OK"
services.llm_service - INFO - LLM extraction successful: categories=['food', 'water', 
'medical'], people=17, urgency=high, loc_area=informal settlement area near Govandi, 
loc_city=Mumbai
services.nlp_service - INFO - LLM extraction succeeded.
services.nlp_service - INFO - Merged result: categories=['food', 'water', 'medical'], 
people=17, urgency=high, location=None, confidence=90
services.location_service - INFO - LLM extraction: area=informal settlement area near Govandi, 
city=Mumbai û enriching via geocoding
services.location_service - INFO - Final location result: Informal Settlement Area Near 
Govandi, Mumbai (area=informal settlement area near Govandi, city=Mumbai)
services.nlp_service - INFO - NLP pipeline complete: categories=['food', 'water', 'medical'], 
urgency=high, people=17, location=Informal Settlement Area Near Govandi, Mumbai (19.0760, 
72.8777), confidence=90
services.nlp_service - INFO - Rule-based extraction: {'categories': ['food', 'water', 
'medical'], 'urgency': 'high', 'people_affected': 10, 'location': None}
httpx - INFO - HTTP Request: POST https://api.groq.com/openai/v1/chat/completions "HTTP/1.1 
200 OK"
services.llm_service - INFO - LLM extraction successful: categories=['food', 'water'], 
people=8, urgency=medium, loc_area=outskirts of pune, semi-rural region, loc_city=Pune
services.nlp_service - INFO - LLM extraction succeeded.
services.nlp_service - INFO - Merged result: categories=['food', 'water'], people=8, 
urgency=medium, location=None, confidence=90
services.location_service - INFO - LLM extraction: area=outskirts of pune, semi-rural region, 
city=Pune û enriching via geocoding
services.location_service - INFO - Geocode enrichment: input(area=outskirts of pune, 
semi-rural region, city=Pune) \u2192 output(area=outskirts of pune, semi-rural region, 
city=Pune)
services.location_service - INFO - Final location result: Outskirts Of Pune, Semi-Rural 
Region, Pune (area=outskirts of pune, semi-rural region, city=Pune)
services.geo_service - INFO - OpenCage geocoded 'Outskirts Of Pune, Semi-Rural Region, Pune' 
-> (18.5196, 73.8554)
services.nlp_service - INFO - NLP pipeline complete: categories=['food', 'water'], 
urgency=medium, people=8, location=Outskirts Of Pune, Semi-Rural Region, Pune (18.5196, 
73.8554), confidence=90
services.nlp_service - INFO - Rule-based extraction: {'categories': ['food', 'medical', 
'water', 'sanitation'], 'urgency': 'medium', 'people_affected': 20, 'location': None}
httpx - INFO - HTTP Request: POST https://api.groq.com/openai/v1/chat/completions "HTTP/1.1 
200 OK"
services.llm_service - INFO - LLM extraction successful: categories=['food', 'water', 
'medical'], people=20, urgency=high, loc_area=, loc_city=
services.nlp_service - INFO - LLM extraction succeeded.
services.nlp_service - INFO - Merged result: categories=['food', 'water', 'medical'], 
people=20, urgency=high, location=None, confidence=90
services.location_service - INFO - LLM returned no location û falling back to spaCy NER
services.location_service - INFO - Final location result: None (area=, city=)
services.nlp_service - INFO - NLP pipeline complete: categories=['food', 'water', 'medical'], 
urgency=high, people=20, location=None (0.0000, 0.0000), confidence=90
services.nlp_service - INFO - Rule-based extraction: {'categories': ['food', 'medical', 
'water', 'shelter'], 'urgency': 'high', 'people_affected': 15, 'location': None}
httpx - INFO - HTTP Request: POST https://api.groq.com/openai/v1/chat/completions "HTTP/1.1 
429 Too Many Requests"
groq._base_client - INFO - Retrying request to /openai/v1/chat/completions in 3.000000 seconds
httpx - INFO - HTTP Request: POST https://api.groq.com/openai/v1/chat/completions "HTTP/1.1 
200 OK"
services.llm_service - INFO - LLM extraction successful: categories=['food', 'water', 
'medical'], people=12, urgency=high, loc_area=Delhi slum area, loc_city=Delhi
services.nlp_service - INFO - LLM extraction succeeded.
services.nlp_service - INFO - Merged result: categories=['food', 'water', 'medical'], 
people=12, urgency=high, location=None, confidence=90
services.location_service - INFO - LLM extraction: area=Delhi slum area, city=Delhi û 
enriching via geocoding
services.location_service - INFO - Geocode enrichment: input(area=Delhi slum area, city=Delhi) 
\u2192 output(area=Delhi slum area, city=Delhi)
services.location_service - INFO - Final location result: Delhi Slum Area, Delhi (area=Delhi 
slum area, city=Delhi)
services.geo_service - INFO - OpenCage geocoded 'Delhi Slum Area, Delhi' -> (28.6538, 77.2290)
services.nlp_service - INFO - NLP pipeline complete: categories=['food', 'water', 'medical'], 
urgency=high, people=12, location=Delhi Slum Area, Delhi (28.6538, 77.2290), confidence=90
services.nlp_service - INFO - Rule-based extraction: {'categories': ['food', 'water'], 
'urgency': 'high', 'people_affected': 12, 'location': None}
httpx - INFO - HTTP Request: POST https://api.groq.com/openai/v1/chat/completions "HTTP/1.1 
429 Too Many Requests"
groq._base_client - INFO - Retrying request to /openai/v1/chat/completions in 4.000000 seconds
httpx - INFO - HTTP Request: POST https://api.groq.com/openai/v1/chat/completions "HTTP/1.1 
200 OK"
services.llm_service - INFO - LLM extraction successful: categories=['food', 'water'], 
people=10, urgency=medium, loc_area=, loc_city=
services.nlp_service - INFO - LLM extraction succeeded.
services.nlp_service - INFO - Merged result: categories=['food', 'water'], people=10, 
urgency=medium, location=None, confidence=90
services.location_service - INFO - LLM returned no location û falling back to spaCy NER
services.location_service - INFO - Final location result: None (area=, city=)
services.nlp_service - INFO - NLP pipeline complete: categories=['food', 'water'], 
urgency=medium, people=10, location=None (0.0000, 0.0000), confidence=90
services.nlp_service - INFO - Rule-based extraction: {'categories': ['food', 'water', 
'medical'], 'urgency': 'high', 'people_affected': 9, 'location': None}
httpx - INFO - HTTP Request: POST https://api.groq.com/openai/v1/chat/completions "HTTP/1.1 
429 Too Many Requests"
groq._base_client - INFO - Retrying request to /openai/v1/chat/completions in 7.000000 seconds
httpx - INFO - HTTP Request: POST https://api.groq.com/openai/v1/chat/completions "HTTP/1.1 
200 OK"
services.llm_service - INFO - LLM extraction successful: categories=['food', 'water', 
'medical'], people=7, urgency=medium, loc_area=the mentioned locality, loc_city=
services.nlp_service - INFO - LLM extraction succeeded.
services.nlp_service - INFO - Merged result: categories=['food', 'water', 'medical'], 
people=7, urgency=medium, location=None, confidence=90
services.location_service - INFO - LLM extraction: area=the mentioned locality, city= û 
enriching via geocoding
services.location_service - INFO - Final location result: The Mentioned Locality (area=the 
mentioned locality, city=)
services.nlp_service - INFO - NLP pipeline complete: categories=['food', 'water', 'medical'], 
urgency=medium, people=7, location=The Mentioned Locality (0.0000, 0.0000), confidence=90
__main__ - ERROR - Test failed with error: 'charmap' codec can't encode character '\u2265' in 
position 29: character maps to <undefined>
Traceback (most recent call last):
  File "D:\Repo-Merge-GSC\CrisisNexus\backend\test_comprehensive_pipeline.py", line 177, in 
test_all_reports
    print(f"High Confidence Extractions (\u226580%): {high_confidence}/{len(results)}")
  File "C:\Program Files\Python310\lib\encodings\cp1252.py", line 19, in encode
    return codecs.charmap_encode(input,self.errors,encoding_table)[0]
UnicodeEncodeError: 'charmap' codec can't encode character '\u2265' in position 29: character 
maps to <undefined>

====================================================================================================
COMPREHENSIVE NLP PIPELINE TEST - MULTIPLE CRISIS REPORTS
====================================================================================================


----------------------------------------------------------------------------------------------------
REPORT: Govandi, Mumbai - Urgent
----------------------------------------------------------------------------------------------------

[Location] Informal Settlement Area Near Govandi, Mumbai
   Coordinates: (19.0760, 72.8777)

[Categories] food, water, medical
[Primary] food

[People Affected] 17
[Urgency] HIGH
[Confidence] 90%

[Description] Severe food and water shortage, with reports of undernourished children and potential illnesses due to poor nutrition and unsafe water. Immediate intervention required.

----------------------------------------------------------------------------------------------------
REPORT: Pune Semi-Rural - Moderate
----------------------------------------------------------------------------------------------------

[Location] Outskirts Of Pune, Semi-Rural Region, Pune
   Coordinates: (18.5196, 73.8554)

[Categories] food, water
[Primary] food

[People Affected] 8
[Urgency] MEDIUM
[Confidence] 90%

[Description] Irregular employment affects food availability and water supply in a semi-rural region near Pune, requiring monitoring and support.

----------------------------------------------------------------------------------------------------
REPORT: Unknown Location - Mixed Concerns
----------------------------------------------------------------------------------------------------

[Location] None

[Categories] food, water, medical
[Primary] food

[People Affected] 20
[Urgency] HIGH
[Confidence] 90%

[Description] Food and water shortages, health concerns, and lack of hygiene awareness affecting 20 people.

----------------------------------------------------------------------------------------------------
REPORT: Delhi Slum - Hinglish
----------------------------------------------------------------------------------------------------

[Location] Delhi Slum Area, Delhi
   Coordinates: (28.6538, 77.2290)

[Categories] food, water, medical
[Primary] food

[People Affected] 12
[Urgency] HIGH
[Confidence] 90%

[Description] People in a slum area near Delhi are facing severe problems with food and water, leading to health issues and financial struggles.

----------------------------------------------------------------------------------------------------
REPORT: Minimal Info - Brief
----------------------------------------------------------------------------------------------------

[Location] None

[Categories] food, water
[Primary] food

[People Affected] 10
[Urgency] MEDIUM
[Confidence] 90%

[Description] Food and water shortages affecting 10-12 people, mainly children, due to poor nutrition and water quality.

----------------------------------------------------------------------------------------------------
REPORT: Gradual Deterioration - Monitoring Needed
----------------------------------------------------------------------------------------------------

[Location] The Mentioned Locality

[Categories] food, water, medical
[Primary] food

[People Affected] 7
[Urgency] MEDIUM
[Confidence] 90%

[Description] Residents in a locality are struggling with disrupted income, decreasing food availability, and unsafe drinking water, leading to minor health issues.


====================================================================================================
SUMMARY TABLE
====================================================================================================

Report Name                              Location                            Categories                     People   Urgency 
----------------------------------------------------------------------------------------------------
Govandi, Mumbai - Urgent                 Informal Settlement Area Near Go... food, water +1                 17       high    
Pune Semi-Rural - Moderate               Outskirts Of Pune, Semi-Rural Re... food, water                    8        medium  
Unknown Location - Mixed Concerns        N/A                                 food, water +1                 20       high    
Delhi Slum - Hinglish                    Delhi Slum Area, Delhi              food, water +1                 12       high    
Minimal Info - Brief                     N/A                                 food, water                    10       medium  
Gradual Deterioration - Monitoring Needed The Mentioned Locality              food, water +1                 7        medium  

====================================================================================================
EXTRACTION QUALITY ANALYSIS
====================================================================================================

Total Reports Tested: 6
